EN aludec NULL C:/Users/Alumno_diee/Desktop/Arqui/Controller/AluDec.vhd sub00/vhpl02 1542917249
EN maindec NULL C:/Users/Alumno_diee/Desktop/Arqui/Controller/MainDecoder.vhd sub00/vhpl00 1542917247
AR controller struct C:/Users/Alumno_diee/Desktop/Arqui/Controller/Controller.vhd sub00/vhpl05 1542917252
AR maindec behave C:/Users/Alumno_diee/Desktop/Arqui/Controller/MainDecoder.vhd sub00/vhpl01 1542917248
EN controller NULL C:/Users/Alumno_diee/Desktop/Arqui/Controller/Controller.vhd sub00/vhpl04 1542917251
AR aludec behave C:/Users/Alumno_diee/Desktop/Arqui/Controller/AluDec.vhd sub00/vhpl03 1542917250
